[Wed Feb 18 05:39:51 PM UTC 2026] Logged error: ls  /nonexistent (exit code: 2)
[Wed Feb 18 05:40:28 PM UTC 2026] Logged error: cat git commands/error_logs.md (exit code: 1)
[Wed Feb 18 06:29:17 PM UTC 2026] Logged error: ~/.bashrc file: (exit code: 126)
[Thu Feb 19 07:44:45 AM UTC 2026] Logged error: ls  /bitches (exit code: 2)
[Thu Feb 19 07:51:46 AM UTC 2026] Logged error: .env.local (exit code: 127)
[Thu Feb 19 07:51:46 AM UTC 2026] Logged error: .env*.local (exit code: 127)
[Thu Feb 19 07:52:24 AM UTC 2026] Logged error: git filter-branch --force --index-filter   "git rm --cached --ignore-unmatch .env.local"   --prune-empty --tag-name-filter cat -- --all (exit code: 1)
[Thu Feb 19 07:52:46 AM UTC 2026] Logged error: java -jar bfg.jar --delete-files .env.local (exit code: 127)
[Thu Feb 19 07:57:19 AM UTC 2026] Logged error: git check-ignore .env.local (exit code: 1)
[Thu Feb 19 08:01:03 AM UTC 2026] Logged error: git push origin main (exit code: 1)
[Thu Feb 19 08:01:36 AM UTC 2026] Logged error: git add.   (exit code: 1)
[Thu Feb 19 08:02:05 AM UTC 2026] Logged error: git -m  " credentials encoded "   (exit code: 129)
[Thu Feb 19 08:30:17 PM UTC 2026] Logged error: cd sentinel (exit code: 1)
[Thu Feb 19 08:42:12 PM UTC 2026] Logged error: npm audit fix (exit code: 1)
[Thu Feb 19 08:44:49 PM UTC 2026] Logged error: npm audit fix --force (exit code: 1)
[Thu Feb 19 10:00:32 PM UTC 2026] Logged error: npm run dev (exit code: 130)
[Fri Feb 20 06:43:58 PM UTC 2026] Logged error: npm run emulator (exit code: 1)
[Fri Feb 20 06:44:20 PM UTC 2026] Logged error: cd sentinel (exit code: 1)
[Fri Feb 20 06:44:41 PM UTC 2026] Logged error: npm run emulator (exit code: 1)
[Fri Feb 27 08:20:58 PM UTC 2026] Logged error: nppm run dev  (exit code: 127)
[Fri Feb 27 09:52:39 PM UTC 2026] Logged error: cd/home/user/studio (exit code: 127)
